AUTH_VISITOR_MID_SUCCESS -> Successfully detected the mid value.
761d3d62-c144-4fe7-8e8d-5dcb90ff622c.js:10 17:12:03 Events : Ev listen has invalid params: evName=[ON_READY] LEVEL: ERROR
761d3d62-c144-4fe7-8e8d-5dcb90ff622c.js:10 [AAT] Country code from x-viewer-country header (init): US
761d3d62-c144-4fe7-8e8d-5dcb90ff622c.js:10 [AAT] Country code set to: US
761d3d62-c144-4fe7-8e8d-5dcb90ff622c.js:10 [AAT] Country code from headers: US